EN enel453lab1vhdltestbench NULL //engfs.eng.ad.ucalgary.ca/home/kderbyma/ENEL453/ENEL453Lab1_Circuit1/ENEL453Lab1VHDlTestBench.vhd sub00/vhpl02 1358543858
AR enel453lab1vhdltestbench behavioral //engfs.eng.ad.ucalgary.ca/home/kderbyma/ENEL453/ENEL453Lab1_Circuit1/ENEL453Lab1VHDlTestBench.vhd sub00/vhpl03 1358543859
EN enel453lab1circ1 NULL //engfs.eng.ad.ucalgary.ca/home/kderbyma/ENEL453/ENEL453Lab1_Circuit1/ENEL453Lab1Circ1.vhd sub00/vhpl00 1358545743
AR enel453lab1circ1 behavioral //engfs.eng.ad.ucalgary.ca/home/kderbyma/ENEL453/ENEL453Lab1_Circuit1/ENEL453Lab1Circ1.vhd sub00/vhpl01 1358545744
