V3 3
FL //engfs.eng.ad.ucalgary.ca/home/kderbyma/ENEL453/Lab1Circ2/seqCirc.vhd 2013/01/18.15:15:56 P.28xd
EN work/seqCirc 1358547712 \
      FL //engfs.eng.ad.ucalgary.ca/home/kderbyma/ENEL453/Lab1Circ2/seqCirc.vhd \
      PB ieee/std_logic_1164 1341906176
AR work/seqCirc/Behavioral 1358547713 \
      FL //engfs.eng.ad.ucalgary.ca/home/kderbyma/ENEL453/Lab1Circ2/seqCirc.vhd \
      EN work/seqCirc 1358547712
