V3 3
FL //engfs.eng.ad.ucalgary.ca/home/kderbyma/ENEL453/Lab1BrokenCirc/BrokenCircCode.vhd 2013/01/18.15:37:17 P.28xd
EN work/BrokenCircCode 1358549063 \
      FL //engfs.eng.ad.ucalgary.ca/home/kderbyma/ENEL453/Lab1BrokenCirc/BrokenCircCode.vhd \
      PB ieee/std_logic_1164 1341906176
AR work/BrokenCircCode/Behavioral 1358549064 \
      FL //engfs.eng.ad.ucalgary.ca/home/kderbyma/ENEL453/Lab1BrokenCirc/BrokenCircCode.vhd \
      EN work/BrokenCircCode 1358549063
